=== Testing Soul Evolution (DeepSeek JSON) ===
[Dreaming] Using shared memory client.
[Dreaming] Service initialized.
Running _analyze_soul_evolution...
Verifying updates...
Big Five: {'openness': 0.5, 'conscientiousness': 0.5, 'extraversion': 0.5, 'agreeableness': 0.5, 'neuroticism': 0.5}
PAD: {'pleasure': 0.5, 'arousal': 0.5, 'dominance': 0.5}
Traits: ['Generic']
python : Traceback (most recent call last):
所在位置 行:1 字符: 1
+ python tests/test_soul_evo_deepseek.py > test_output.txt 
2>&1
+ ~~~~~~~~~~~~~~~~~~~~~~~~~~~~~~~~~~~~~~~~~~~~~~~~~~~~~~~~~
~~~~
    + CategoryInfo          : NotSpecified: (Traceback (mo 
   st recent call last)::String) [], RemoteException
    + FullyQualifiedErrorId : NativeCommandError
 
  File "E:\Work\Code\Lumina\tests\test_soul_evo_deepseek.py
", line 107, in <module>
    test_soul_evolution()
  File "E:\Work\Code\Lumina\tests\test_soul_evo_deepseek.py
", line 96, in test_soul_evolution
    assert bf["openness"] == 0.99
           ^^^^^^^^^^^^^^^^^^^^^^
AssertionError
