
> lumina@0.1.0 build
> tsc && vite build && electron-builder

[36mvite v5.4.21 [32mbuilding for production...[36m[39m
transforming...
[32m✓[39m 2496 modules transformed.
rendering chunks...
computing gzip size...
[2mdist/[22m[32mindex.html                             [39m[1m[2m    1.43 kB[22m[1m[22m[2m │ gzip:   0.60 kB[22m
[2mdist/[22m[35massets/index-CHlG1WpW.css              [39m[1m[2m   21.08 kB[22m[1m[22m[2m │ gzip:   5.48 kB[22m
[2mdist/[22m[36massets/SpriteAvatarPlugin-CXpdt_c_.js  [39m[1m[2m    1.19 kB[22m[1m[22m[2m │ gzip:   0.74 kB[22m
[2mdist/[22m[36massets/VRMPlugin-CK4vDLub.js           [39m[1m[2m    2.53 kB[22m[1m[22m[2m │ gzip:   1.11 kB[22m
[2mdist/[22m[36massets/Live2DPlugin-DM2dvsiS.js        [39m[1m[2m    3.42 kB[22m[1m[22m[2m │ gzip:   1.57 kB[22m
[2mdist/[22m[36massets/ui-vendor-ChO09lct.js           [39m[1m[2m   19.45 kB[22m[1m[22m[2m │ gzip:   4.65 kB[22m
[2mdist/[22m[36massets/mediapipe-vendor-XluzMpcc.js    [39m[1m[2m   72.16 kB[22m[1m[22m[2m │ gzip:  25.74 kB[22m
[2mdist/[22m[36massets/react-vendor-BJwyXyVD.js        [39m[1m[2m  146.01 kB[22m[1m[22m[2m │ gzip:  47.16 kB[22m
[2mdist/[22m[36massets/index-oFFBVNVh.js               [39m[1m[2m  171.58 kB[22m[1m[22m[2m │ gzip:  48.50 kB[22m
[2mdist/[22m[36massets/live2d-vendor-DY9tnA22.js       [39m[1m[2m  638.29 kB[22m[1m[22m[2m │ gzip: 172.51 kB[22m
[2mdist/[22m[36massets/vrm-vendor-DWCLP6Vg.js          [39m[1m[2m1,087.63 kB[22m[1m[22m[2m │ gzip: 291.89 kB[22m
[32m✓ built in 16.54s[39m
[36mvite v5.4.21 [32mbuilding for production...[36m[39m
transforming...
[32m✓[39m 5 modules transformed.
rendering chunks...
[2mdist-electron/[22m[36mmain.js  [39m[1m[2m29.74 kB[22m[1m[22m
[32m✓ built in 72ms[39m
[36mvite v5.4.21 [32mbuilding for production...[36m[39m
transforming...
[32m✓[39m 1 modules transformed.
rendering chunks...
[2mdist-electron/[22m[36mpreload.js  [39m[1m[2m2.22 kB[22m[1m[22m
[32m✓ built in 16ms[39m
  • electron-builder  version=24.13.3 os=10.0.26200
  • loaded configuration  file=package.json ("build" field)
  • packaging       platform=win32 arch=x64 electron=28.3.3 appOutDir=release\0.1.0\win-unpacked
  • default Electron icon is used  reason=application icon is not set
  • building        target=nsis file=release\0.1.0\Lumina-Setup-0.1.0.exe archs=x64 oneClick=false perMachine=false
  • building block map  blockMapFile=release\0.1.0\Lumina-Setup-0.1.0.exe.blockmap
