馃殌 Starting Lumina...
鉁?PostgreSQL already running on localhost:5433
馃枼锔?Starting Electron + Vite...

> lumina@0.1.0 dev
> vite

[36mvite v5.4.21 [32mbuilding for development...[36m[39m
[36m
watching for file changes...[39m
[36mvite v5.4.21 [32mbuilding for development...[36m[39m
[36m
watching for file changes...[39m
[36m
build started...[39m
[36m
build started...[39m

  [32m[1mVITE[22m v5.4.21[39m  [2mready in [0m[1m1350[22m[2m[0m ms[22m

  [32m➜[39m  [1mLocal[22m:   [36mhttp://localhost:[1m5173[22m/[39m
[2m  [32m➜[39m  [1mNetwork[22m[2m: use [22m[1m--host[22m[2m to expose[22m
[2m[32m  ➜[39m[22m[2m  press [22m[1mh + enter[22m[2m to show help[22m
transforming...
[32m✓[39m 1 modules transformed.
rendering chunks...
transforming...
computing gzip size...
[2mdist-electron/[22m[36mpreload.js  [39m[1m[2m2.22 kB[22m[1m[22m[2m │ gzip: 0.73 kB[22m
[36mbuilt in 2594ms.[39m
[32m✓[39m 5 modules transformed.
rendering chunks...
computing gzip size...
[2mdist-electron/[22m[36mmain.js  [39m[1m[2m30.04 kB[22m[1m[22m[2m │ gzip: 8.13 kB[22m
[36mbuilt in 14847ms.[39m

Starting Python Backend...
[BackendManager] Starting all services...
[BackendManager] Loaded ports from: E:\Work\Code\Lumina\config\ports.json
[BackendManager] Services Configured: [ 'memory:8010' ]
[BackendManager] Launching dev memory: python [
  'E:\\Work\\Code\\Lumina\\python_backend\\backend_launcher.py',
  'memory'
] CWD: E:\Work\Code\Lumina\python_backend
[memory] DEBUG_TRACE: Loading backend_launcher.py from E:\Work\Code\Lumina\python_backend\backend_launcher.py
[memory] 2026-04-10 23:46:08,319 [INFO] [-] [-] LuminaCore: Logger initialized. Writing to E:\Work\Code\Lumina\python_backend\..\logs\memory_server.log
